// Jest Snapshot v1, https://goo.gl/fbAQLP

exports[`mapper.index.js Azure Http trigger should throw 1`] = `"Azure is currently unsupported. Open a PR?"`;

exports[`mapper.index.js Unexpected arguments shapes should throw 1`] = `"Unexpected trigger event. Was the handler called by ApiGateway?"`;

exports[`mapper.index.js no arguments should throw EndpointError 1`] = `"Unexpected trigger event. Was the handler called by ApiGateway?"`;
